Valgrind is an instrumentation framework for building dynamic analysis tools.
	http://valgrind.org/

	front-end : Alleyoop



$ valgrind --leak-check=full --log-file=memcheck.txt -v --error-limit=no [프로그램경로] [인자]
	: memory leak은 definitely lost 부분 확인.


$ gcc -Wall -Wextra -o ex1 ex1.c -ggdb
$ valgrind --leak-check=yes ./ex1

$ gcc -Wall -Wextra -o ex2 ex2.c -ggdb
$ valgrind --leak-check=yes ./ex2



ex1,ex2 src :
 http://forum.falinux.com/zbxe/index.php?document_srl=528619&mid=lecture_tip
